// Jest Snapshot v1, https://goo.gl/fbAQLP

exports[`404 Page Component should render correctly 1`] = `
Object {
  "asFragment": [Function],
  "baseElement": <body>
    <div>
      <div
        class="MuiContainer-root makeStyles-root-1 MuiContainer-maxWidthSm"
      >
        <img
          alt="Auto1 Logo"
          class="makeStyles-image-2"
          src="logo.png"
        />
        <h3
          class="MuiTypography-root makeStyles-header-3 MuiTypography-h3 MuiTypography-gutterBottom"
        >
          404 - Not Found
        </h3>
        <h5
          class="MuiTypography-root MuiTypography-subtitle1 MuiTypography-gutterBottom"
        >
          Sorry, the page you are looking for does not exists.
        </h5>
        <h6
          class="MuiTypography-root MuiTypography-subtitle1 MuiTypography-gutterBottom"
        >
          You can always go back to the
           
          <a
            class="MuiTypography-root MuiLink-root MuiLink-underlineHover MuiTypography-colorInherit"
            data-testid="homepage-link"
            href="/"
          >
            homepage
          </a>
          .
        </h6>
      </div>
    </div>
  </body>,
  "container": <div>
    <div
      class="MuiContainer-root makeStyles-root-1 MuiContainer-maxWidthSm"
    >
      <img
        alt="Auto1 Logo"
        class="makeStyles-image-2"
        src="logo.png"
      />
      <h3
        class="MuiTypography-root makeStyles-header-3 MuiTypography-h3 MuiTypography-gutterBottom"
      >
        404 - Not Found
      </h3>
      <h5
        class="MuiTypography-root MuiTypography-subtitle1 MuiTypography-gutterBottom"
      >
        Sorry, the page you are looking for does not exists.
      </h5>
      <h6
        class="MuiTypography-root MuiTypography-subtitle1 MuiTypography-gutterBottom"
      >
        You can always go back to the
         
        <a
          class="MuiTypography-root MuiLink-root MuiLink-underlineHover MuiTypography-colorInherit"
          data-testid="homepage-link"
          href="/"
        >
          homepage
        </a>
        .
      </h6>
    </div>
  </div>,
  "debug": [Function],
  "findAllByAltText": [Function],
  "findAllByDisplayValue": [Function],
  "findAllByLabelText": [Function],
  "findAllByPlaceholderText": [Function],
  "findAllByRole": [Function],
  "findAllByTestId": [Function],
  "findAllByText": [Function],
  "findAllByTitle": [Function],
  "findByAltText": [Function],
  "findByDisplayValue": [Function],
  "findByLabelText": [Function],
  "findByPlaceholderText": [Function],
  "findByRole": [Function],
  "findByTestId": [Function],
  "findByText": [Function],
  "findByTitle": [Function],
  "getAllByAltText": [Function],
  "getAllByDisplayValue": [Function],
  "getAllByLabelText": [Function],
  "getAllByPlaceholderText": [Function],
  "getAllByRole": [Function],
  "getAllByTestId": [Function],
  "getAllByText": [Function],
  "getAllByTitle": [Function],
  "getByAltText": [Function],
  "getByDisplayValue": [Function],
  "getByLabelText": [Function],
  "getByPlaceholderText": [Function],
  "getByRole": [Function],
  "getByTestId": [Function],
  "getByText": [Function],
  "getByTitle": [Function],
  "queryAllByAltText": [Function],
  "queryAllByDisplayValue": [Function],
  "queryAllByLabelText": [Function],
  "queryAllByPlaceholderText": [Function],
  "queryAllByRole": [Function],
  "queryAllByTestId": [Function],
  "queryAllByText": [Function],
  "queryAllByTitle": [Function],
  "queryByAltText": [Function],
  "queryByDisplayValue": [Function],
  "queryByLabelText": [Function],
  "queryByPlaceholderText": [Function],
  "queryByRole": [Function],
  "queryByTestId": [Function],
  "queryByText": [Function],
  "queryByTitle": [Function],
  "rerender": [Function],
  "unmount": [Function],
}
`;
